use axum::routing::{get, post};
use axum::{middleware, Router};

use super::handler;
use crate::auth::require_admin;
use crate::state::AppState;

/// Routes for the `users` resource. `register`/`login` are public; every other route —
/// including reads — requires an **admin** bearer token (ADR-021).
///
/// Self-service (a user reading or editing *their own* record) is intentionally not generated:
/// it is domain-specific. Add it by comparing the token's `sub` claim to the path id.
pub fn routes() -> Router<AppState> {
    let public = Router::new()
        .route("/users/register", post(handler::register))
        .route("/users/login", post(handler::login));

    let admin = Router::new()
        .route("/users", get(handler::list).post(handler::create))
        .route(
            "/users/:id",
            get(handler::show)
                .put(handler::update)
                .delete(handler::delete),
        )
        .route_layer(middleware::from_fn(require_admin));

    public.merge(admin)
}
